
OpenSBI v1.6
   ____                    _____ ____ _____
  / __ \                  / ____|  _ \_   _|
 | |  | |_ __   ___ _ __ | (___ | |_) || |
 | |  | | '_ \ / _ \ '_ \ \___ \|  _ < | |
 | |__| | |_) |  __/ | | |____) | |_) || |_
  \____/| .__/ \___|_| |_|_____/|____/_____|
        | |
        |_|

Platform Name               : riscv-virtio,qemu
Platform Features           : medeleg
Platform HART Count         : 1
Platform IPI Device         : aclint-mswi
Platform Timer Device       : aclint-mtimer @ 10000000Hz
Platform Console Device     : uart8250
Platform HSM Device         : ---
Platform PMU Device         : ---
Platform Reboot Device      : syscon-reboot
Platform Shutdown Device    : syscon-poweroff
Platform Suspend Device     : ---
Platform CPPC Device        : ---
Firmware Base               : 0x80000000
Firmware Size               : 325 KB
Firmware RW Offset          : 0x40000
Firmware RW Size            : 69 KB
Firmware Heap Offset        : 0x48000
Firmware Heap Size          : 37 KB (total), 2 KB (reserved), 13 KB (used), 21 KB (free)
Firmware Scratch Size       : 4096 B (total), 440 B (used), 3656 B (free)
Runtime SBI Version         : 2.0
Standard SBI Extensions     : ipi,pmu,srst,hsm,rfnc,time,base,legacy,dbcn
Experimental SBI Extensions : sse,fwft,dbtr

Domain0 Name                : root
Domain0 Boot HART           : 0
Domain0 HARTs               : 0*
Domain0 Region00            : 0x0000000000100000-0x0000000000100fff M: (I,R,W) S/U: (R,W)
Domain0 Region01            : 0x0000000010000000-0x0000000010000fff M: (I,R,W) S/U: (R,W)
Domain0 Region02            : 0x0000000002000000-0x000000000200ffff M: (I,R,W) S/U: ()
Domain0 Region03            : 0x0000000080040000-0x000000008005ffff M: (R,W) S/U: ()
Domain0 Region04            : 0x0000000080000000-0x000000008003ffff M: (R,X) S/U: ()
Domain0 Region05            : 0x000000000c400000-0x000000000c5fffff M: (I,R,W) S/U: (R,W)
Domain0 Region06            : 0x000000000c000000-0x000000000c3fffff M: (I,R,W) S/U: (R,W)
Domain0 Region07            : 0x0000000000000000-0xffffffffffffffff M: () S/U: (R,W,X)
Domain0 Next Address        : 0x0000000080200000
Domain0 Next Arg1           : 0x0000000087e00000
Domain0 Next Mode           : S-mode
Domain0 SysReset            : yes
Domain0 SysSuspend          : yes

Boot HART ID                : 0
Boot HART Domain            : root
Boot HART Priv Version      : v1.12
Boot HART Base ISA          : rv64imafdch
Boot HART ISA Extensions    : sstc,zicntr,zihpm,zicboz,zicbom,sdtrig,svadu
Boot HART PMP Count         : 16
Boot HART PMP Granularity   : 2 bits
Boot HART PMP Address Bits  : 54
Boot HART MHPM Info         : 16 (0x0007fff8)
Boot HART Debug Triggers    : 2 triggers
Boot HART MIDELEG           : 0x0000000000001666
Boot HART MEDELEG           : 0x0000000000f4b509
[    0.000000] Booting Linux on hartid 0
[    0.000000] Linux version 6.15.5 (pj@R41N) (riscv64-linux-gnu-gcc (GCC) 15.1.0, GNU ld (GNU Binutils) 2.44) #1 SMP PREEMPT_RT Tue Aug 12 09:02:24 -03 2025
[    0.000000] random: crng init done
[    0.000000] Machine model: riscv-virtio,qemu
[    0.000000] SBI specification v2.0 detected
[    0.000000] SBI implementation ID=0x1 Version=0x10006
[    0.000000] SBI TIME extension detected
[    0.000000] SBI IPI extension detected
[    0.000000] SBI RFENCE extension detected
[    0.000000] SBI SRST extension detected
[    0.000000] SBI DBCN extension detected
[    0.000000] efi: UEFI not found.
[    0.000000] OF: reserved mem: 0x0000000080000000..0x000000008003ffff (256 KiB) nomap non-reusable mmode_resv1@80000000
[    0.000000] OF: reserved mem: 0x0000000080040000..0x000000008005ffff (128 KiB) nomap non-reusable mmode_resv0@80040000
[    0.000000] Zone ranges:
[    0.000000]   DMA32    [mem 0x0000000080000000-0x0000000087ffffff]
[    0.000000]   Normal   empty
[    0.000000] Movable zone start for each node
[    0.000000] Early memory node ranges
[    0.000000]   node   0: [mem 0x0000000080000000-0x000000008005ffff]
[    0.000000]   node   0: [mem 0x0000000080060000-0x0000000087ffffff]
[    0.000000] Initmem setup node 0 [mem 0x0000000080000000-0x0000000087ffffff]
[    0.000000] SBI HSM extension detected
[    0.000000] riscv: base ISA extensions acdfhim
[    0.000000] riscv: ELF capabilities acdfim
[    0.000000] Queued spinlock using Ziccrse: enabled
[    0.000000] percpu: Embedded 22 pages/cpu s52224 r8192 d29696 u90112
[    0.000000] Kernel command line: root=/dev/ram rw console=ttyS0 vehicle_id=vehicle-03
[    0.000000] Unknown kernel command line parameters "vehicle_id=vehicle-03", will be passed to user space.
[    0.000000] printk: log buffer data + meta data: 131072 + 458752 = 589824 bytes
[    0.000000] Dentry cache hash table entries: 16384 (order: 5, 131072 bytes, linear)
[    0.000000] Inode-cache hash table entries: 8192 (order: 4, 65536 bytes, linear)
[    0.000000] software IO TLB: SWIOTLB bounce buffer size adjusted to 0MB
[    0.000000] software IO TLB: area num 1.
[    0.000000] software IO TLB: mapped [mem 0x0000000087f65000-0x0000000087fa5000] (0MB)
[    0.000000] Virtual kernel memory layout:
[    0.000000]       fixmap : 0xff1bfffffea00000 - 0xff1bffffff000000   (6144 kB)
[    0.000000]       pci io : 0xff1bffffff000000 - 0xff1c000000000000   (  16 MB)
[    0.000000]      vmemmap : 0xff1c000000000000 - 0xff20000000000000   (1024 TB)
[    0.000000]      vmalloc : 0xff20000000000000 - 0xff60000000000000   (16384 TB)
[    0.000000]      modules : 0xffffffff01799000 - 0xffffffff80000000   (2024 MB)
[    0.000000]       lowmem : 0xff60000000000000 - 0xff60000008000000   ( 128 MB)
[    0.000000]       kernel : 0xffffffff80000000 - 0xffffffffffffffff   (2047 MB)
[    0.000000] Built 1 zonelists, mobility grouping on.  Total pages: 32768
[    0.000000] mem auto-init: stack:all(zero), heap alloc:off, heap free:off
[    0.000000] SLUB: HWalign=64, Order=0-3, MinObjects=0, CPUs=1, Nodes=1
[    0.000000] rcu: Preemptible hierarchical RCU implementation.
[    0.000000] rcu: 	RCU restricting CPUs from NR_CPUS=64 to nr_cpu_ids=1.
[    0.000000] rcu: 	RCU priority boosting: priority 1 delay 500 ms.
[    0.000000] rcu: 	RCU_SOFTIRQ processing moved to rcuc kthreads.
[    0.000000] rcu: 	RCU debug extended QS entry/exit.
[    0.000000] 	No expedited grace period (rcu_normal_after_boot).
[    0.000000] 	Trampoline variant of Tasks RCU enabled.
[    0.000000] 	Tracing variant of Tasks RCU enabled.
[    0.000000] rcu: RCU calculated value of scheduler-enlistment delay is 25 jiffies.
[    0.000000] rcu: Adjusting geometry for rcu_fanout_leaf=16, nr_cpu_ids=1
[    0.000000] RCU Tasks: Setting shift to 0 and lim to 1 rcu_task_cb_adjust=1 rcu_task_cpu_ids=1.
[    0.000000] RCU Tasks Trace: Setting shift to 0 and lim to 1 rcu_task_cb_adjust=1 rcu_task_cpu_ids=1.
[    0.000000] NR_IRQS: 64, nr_irqs: 64, preallocated irqs: 0
[    0.000000] riscv-intc: 64 local interrupts mapped
[    0.000000] riscv: providing IPIs using SBI IPI extension
[    0.000000] rcu: srcu_init: Setting srcu_struct sizes based on contention.
[    0.000000] clocksource: riscv_clocksource: mask: 0xffffffffffffffff max_cycles: 0x24e6a1710, max_idle_ns: 440795202120 ns
[    0.000000] sched_clock: 64 bits at 10MHz, resolution 100ns, wraps every 4398046511100ns
[    0.000008] riscv-timer: Timer interrupt in S-mode is available via sstc extension
[    0.000172] Console: colour dummy device 80x25
[    0.000193] Calibrating delay loop (skipped), value calculated using timer frequency.. 20.00 BogoMIPS (lpj=40000)
[    0.000200] pid_max: default: 32768 minimum: 301
[    0.000291] LSM: initializing lsm=capability
[    0.000401] Mount-cache hash table entries: 512 (order: 0, 4096 bytes, linear)
[    0.000412] Mountpoint-cache hash table entries: 512 (order: 0, 4096 bytes, linear)
[    0.002084] riscv: ELF compat mode supported
[    0.002092] ASID allocator using 16 bits (65536 entries)
[    0.002259] rcu: Hierarchical SRCU implementation.
[    0.002261] rcu: 	Max phase no-delay instances is 1000.
[    0.002794] EFI services will not be available.
[    0.002883] smp: Bringing up secondary CPUs ...
[    0.002892] smp: Brought up 1 node, 1 CPU
[    0.002959] Memory: 74672K/131072K available (10544K kernel code, 4968K rwdata, 4096K rodata, 2317K init, 490K bss, 54776K reserved, 0K cma-reserved)
[    0.003207] devtmpfs: initialized
[    0.006874] clocksource: jiffies: mask: 0xffffffff max_cycles: 0xffffffff, max_idle_ns: 7645041785100000 ns
[    0.006884] posixtimers hash table entries: 512 (order: 2, 28672 bytes, linear)
[    0.006916] futex hash table entries: 256 (order: 3, 32768 bytes, linear)
[    0.007092] pinctrl core: initialized pinctrl subsystem
[    0.007940] DMI not present or invalid.
[    0.008203] NET: Registered PF_NETLINK/PF_ROUTE protocol family
[    0.008885] DMA: preallocated 128 KiB GFP_KERNEL pool for atomic allocations
[    0.008914] DMA: preallocated 128 KiB GFP_KERNEL|GFP_DMA32 pool for atomic allocations
[    0.008961] audit: initializing netlink subsys (disabled)
[    0.009067] audit: type=2000 audit(0.008:1): state=initialized audit_enabled=0 res=1
[    0.009772] thermal_sys: Registered thermal governor 'step_wise'
[    0.009804] cpuidle: using governor menu
[    0.032084] cpu0: Ratio of byte access time to unaligned word access is 7.95, unaligned accesses are fast
[    0.038752] HugeTLB: allocation took 0ms with hugepage_allocation_threads=1
[    0.038758] HugeTLB: registered 2.00 MiB page size, pre-allocated 0 pages
[    0.038761] HugeTLB: 28 KiB vmemmap can be freed for a 2.00 MiB page
[    0.039502] ACPI: Interpreter disabled.
[    0.039736] iommu: Default domain type: Translated
[    0.039739] iommu: DMA domain TLB invalidation policy: strict mode
[    0.040569] SCSI subsystem initialized
[    0.041040] usbcore: registered new interface driver usbfs
[    0.041121] usbcore: registered new interface driver hub
[    0.041172] usbcore: registered new device driver usb
[    0.041987] Advanced Linux Sound Architecture Driver Initialized.
[    0.043174] vgaarb: loaded
[    0.043322] clocksource: Switched to clocksource riscv_clocksource
[    0.044146] pnp: PnP ACPI: disabled
[    0.055300] NET: Registered PF_INET protocol family
[    0.055387] IP idents hash table entries: 2048 (order: 2, 16384 bytes, linear)
[    0.056115] tcp_listen_portaddr_hash hash table entries: 128 (order: 0, 7168 bytes, linear)
[    0.056130] Table-perturb hash table entries: 65536 (order: 6, 262144 bytes, linear)
[    0.056147] TCP established hash table entries: 1024 (order: 1, 8192 bytes, linear)
[    0.056179] TCP bind hash table entries: 1024 (order: 4, 114688 bytes, linear)
[    0.056277] TCP: Hash tables configured (established 1024 bind 1024)
[    0.056313] UDP hash table entries: 256 (order: 3, 53248 bytes, linear)
[    0.056372] UDP-Lite hash table entries: 256 (order: 3, 53248 bytes, linear)
[    0.056528] NET: Registered PF_UNIX/PF_LOCAL protocol family
[    0.056887] RPC: Registered named UNIX socket transport module.
[    0.056890] RPC: Registered udp transport module.
[    0.056894] RPC: Registered tcp transport module.
[    0.056897] RPC: Registered tcp-with-tls transport module.
[    0.056901] RPC: Registered tcp NFSv4.1 backchannel transport module.
[    0.056909] PCI: CLS 0 bytes, default 64
[    0.058133] Unpacking initramfs...
[    0.059383] workingset: timestamp_bits=46 max_order=15 bucket_order=0
[    0.063462] NFS: Registering the id_resolver key type
[    0.063474] Key type id_resolver registered
[    0.063478] Key type id_legacy registered
[    0.063515] nfs4filelayout_init: NFSv4 File Layout Driver Registering...
[    0.063519] nfs4flexfilelayout_init: NFSv4 Flexfile Layout Driver Registering...
[    0.063695] 9p: Installing v9fs 9p2000 file system support
[    0.063870] NET: Registered PF_ALG protocol family
[    0.063929] Block layer SCSI generic (bsg) driver version 0.4 loaded (major 245)
[    0.064008] io scheduler mq-deadline registered
[    0.064012] io scheduler kyber registered
[    0.064048] io scheduler bfq registered
[    0.064483] riscv-plic: plic@c000000: mapped 95 interrupts with 1 handlers for 2 contexts.
[    0.065920] pci-host-generic 30000000.pci: host bridge /soc/pci@30000000 ranges:
[    0.065948] pci-host-generic 30000000.pci:       IO 0x0003000000..0x000300ffff -> 0x0000000000
[    0.065975] pci-host-generic 30000000.pci:      MEM 0x0040000000..0x007fffffff -> 0x0040000000
[    0.065993] pci-host-generic 30000000.pci:      MEM 0x0400000000..0x07ffffffff -> 0x0400000000
[    0.066024] pci-host-generic 30000000.pci: Memory resource size exceeds max for 32 bits
[    0.066057] pci-host-generic 30000000.pci: ECAM at [mem 0x30000000-0x3fffffff] for [bus 00-ff]
[    0.066291] pci-host-generic 30000000.pci: PCI host bridge to bus 0000:00
[    0.066299] pci_bus 0000:00: root bus resource [bus 00-ff]
[    0.066307] pci_bus 0000:00: root bus resource [io  0x0000-0xffff]
[    0.066314] pci_bus 0000:00: root bus resource [mem 0x40000000-0x7fffffff]
[    0.066322] pci_bus 0000:00: root bus resource [mem 0x400000000-0x7ffffffff]
[    0.066339] pci 0000:00:00.0: [1b36:0008] type 00 class 0x060000 conventional PCI endpoint
[    0.066655] pci 0000:00:01.0: [1af4:1000] type 00 class 0x020000 conventional PCI endpoint
[    0.066672] pci 0000:00:01.0: BAR 0 [io  0x0000-0x001f]
[    0.066679] pci 0000:00:01.0: BAR 1 [mem 0x00000000-0x00000fff]
[    0.066687] pci 0000:00:01.0: BAR 4 [mem 0x00000000-0x00003fff 64bit pref]
[    0.066695] pci 0000:00:01.0: ROM [mem 0x00000000-0x0003ffff pref]
[    0.067301] pci 0000:00:01.0: ROM [mem 0x40000000-0x4003ffff pref]: assigned
[    0.067310] pci 0000:00:01.0: BAR 4 [mem 0x400000000-0x400003fff 64bit pref]: assigned
[    0.071333] pci 0000:00:01.0: BAR 1 [mem 0x40040000-0x40040fff]: assigned
[    0.071342] pci 0000:00:01.0: BAR 0 [io  0x0020-0x003f]: assigned
[    0.071353] pci_bus 0000:00: resource 4 [io  0x0000-0xffff]
[    0.071359] pci_bus 0000:00: resource 5 [mem 0x40000000-0x7fffffff]
[    0.071366] pci_bus 0000:00: resource 6 [mem 0x400000000-0x7ffffffff]
[    0.071850] SBI CPPC extension NOT detected!!
[    0.074065] virtio-pci 0000:00:01.0: enabling device (0000 -> 0003)
[    0.166199] Freeing initrd memory: 10756K
[    0.189674] Serial: 8250/16550 driver, 4 ports, IRQ sharing disabled
[    0.193066] printk: legacy console [ttyS0] disabled
[    0.193619] 10000000.serial: ttyS0 at MMIO 0x10000000 (irq = 13, base_baud = 230400) is a 16550A
[    0.193648] printk: legacy console [ttyS0] enabled
[    0.206000] loop: module loaded
[    0.212281] e1000e: Intel(R) PRO/1000 Network Driver
[    0.212284] e1000e: Copyright(c) 1999 - 2015 Intel Corporation.
[    0.213277] usbcore: registered new interface driver uas
[    0.213380] usbcore: registered new interface driver usb-storage
[    0.213558] mousedev: PS/2 mouse device common for all mice
[    0.214269] goldfish_rtc 101000.rtc: registered as rtc0
[    0.214277] goldfish_rtc 101000.rtc: setting system clock to 2025-09-30T21:40:50 UTC (1759268450)
[    0.215507] sdhci: Secure Digital Host Controller Interface driver
[    0.215510] sdhci: Copyright(c) Pierre Ossman
[    0.215554] Synopsys Designware Multimedia Card Interface Driver
[    0.215852] sdhci-pltfm: SDHCI platform and OF driver helper
[    0.216358] usbcore: registered new interface driver usbhid
[    0.216361] usbhid: USB HID core driver
[    0.216712] riscv-pmu-sbi: SBI PMU extension is available
[    0.216731] riscv-pmu-sbi: 16 firmware and 18 hardware counters
[    0.216735] riscv-pmu-sbi: Perf sampling/filtering is not supported as sscof extension is not available
[    0.217720] NET: Registered PF_INET6 protocol family
[    0.218494] Segment Routing with IPv6
[    0.218535] In-situ OAM (IOAM) with IPv6
[    0.218589] sit: IPv6, IPv4 and MPLS over IPv4 tunneling driver
[    0.219580] NET: Registered PF_PACKET protocol family
[    0.219680] 9pnet: Installing 9P2000 support
[    0.219740] Key type dns_resolver registered
[    0.276678] debug_vm_pgtable: [debug_vm_pgtable         ]: Validating architecture page table helpers
[    0.277130] clk: Disabling unused clocks
[    0.277137] PM: genpd: Disabling unused power domains
[    0.277143] ALSA device list:
[    0.277149]   No soundcards found.
[    0.279123] Freeing unused kernel image (initmem) memory: 2316K
[    0.279152] Run /init as init process
Bringing up eth0...
Network interface is up. Launching application.
--- Starting Vehicle | Parent PID: 58 ---
--- Spawning 4 component processes... ---
--- Spawning Gateway RCU process... ---
--- Gateway RCU process spawned with PID: 59 ---
Semaphore set created. Initializing shared memory...
ShmEngine initialized. Client registered in slot 0.
ShmEngine initialized. Client registered in slot 1.
ShmEngine initialized. Client registered in slot 2.
NIC<9ShmEngine> initialized with a receiver thread.
[PID 60] _receiver_thread has started with Thread ID: 140735870391008
All component processes have been launched. Parent is waiting.
ShmEngine initialized. Client registered in slot 3.
ShmEngine initialized. Client registered in slot 4.
[PID 61] _receiver_thread has started with Thread ID: 140735870391008
NIC<9ShmEngine> initialized with a receiver thread.
[PID 59] _receiver_thread has started with Thread ID: 140735870391008
[PID 64] _receiver_thread has started with Thread ID: 140735870391008
[PID 65] _receiver_thread has started with Thread ID: 140735870391008
[DEBUG PID:60] registerService: Locking directory...
NIC<9ShmEngine> initialized with a receiver thread.
NIC<9ShmEngine> initialized with a receiver thread.
Registering service of name Temperature Sensor 0 with type 3061177862
[DEBUG PID:61] registerService: Locking directory...
[DEBUG PID:64] registerService: Locking directory...
Registering service of name Pressure Sensor 1 with type 3061177862
Process 60has been assigned to port  1000
Registering service of name Humidity Sensor 2 with type 3061177862
Process 61has been assigned to port  1001
NIC<9ShmEngine> initialized with a receiver thread.
Process 64has been assigned to port  1002
[Component Pressure Sensor 1] registered with Port: 1001
[Component Temperature Sensor 0] registered with Port: 1000
[DEBUG PID:65] registerService: Locking directory...
[Component Humidity Sensor 2] registered with Port: 1002
--- Starting Component: Pressure Sensor 1 ---
--- Starting Component: Temperature Sensor 0 ---
Registering service of name Voltage Sensor 3 with type 3061177862
--- Starting Component: Humidity Sensor 2 ---
Process 65has been assigned to port  1003
[Component Voltage Sensor 3] registered with Port: 1003
--- Starting Component: Voltage Sensor 3 ---
NIC<RawSocketEngine> initialized with a dedicated signal waiter thread.
--- Initializing Gateway RCU ---
--- Gateway RCU Initialized Successfully ---
Gateway is running. Forwarding is active.
Component process Temperature Sensor 0 (PID: 60) is running.
Component process Pressure Sensor 1 (PID: 61) is running.
Component process Voltage Sensor 3 (PID: 65) is running.
Component process Humidity Sensor 2 (PID: 64) is running.
[Computed Latency]: 1.9518 ms!
[Computed Latency]: 2.2485 ms!
[Computed Latency]: 2.2712 ms!
[Computed Latency]: 2.2943 ms!
[Computed Latency]: 4.2093 ms!
[Computed Latency]: 4.7176 ms!
[Computed Latency]: 4.8626 ms!
[Computed Latency]: 5.2934 ms!
[Computed Latency]: 5.4105 ms!
[Computed Latency]: 5.618 ms!
[Computed Latency]: 5.8146 ms!
[Computed Latency]: 6.0253 ms!
[Computed Latency]: 4.0806 ms!
[Computed Latency]: 4.1215 ms!
[Computed Latency]: 4.6776 ms!
[Computed Latency]: 4.7726 ms!
[Computed Latency]: 5.374 ms!
[Computed Latency]: 5.4268 ms!
[Computed Latency]: 5.4495 ms!
[Computed Latency]: 5.4722 ms!
[Computed Latency]: 3.4475 ms!
[Computed Latency]: 3.4724 ms!
[Computed Latency]: 3.4951 ms!
[Computed Latency]: 3.7478 ms!
[Computed Latency]: 1.4557 ms!
[Computed Latency]: 1.679 ms!
[Computed Latency]: 1.9169 ms!
[Computed Latency]: 2.0124 ms!
[Computed Latency]: 3.8487 ms!
[Computed Latency]: 3.8735 ms!
[Computed Latency]: 3.8966 ms!
[Computed Latency]: 4.1062 ms!
[Computed Latency]: 1.0511 ms!
[Computed Latency]: 1.3304 ms!
[Computed Latency]: 1.4254 ms!
[Computed Latency]: 1.5207 ms!
[Computed Latency]: 2.2867 ms!
[Computed Latency]: 2.3274 ms!
[Computed Latency]: 2.5562 ms!
[Computed Latency]: 2.6516 ms!
[Computed Latency]: 0.9688 ms!
[Computed Latency]: 1.1758 ms!
[Computed Latency]: 1.4882 ms!
[Computed Latency]: 1.7175 ms!
